<html>
<body>
<pre>
<h1>礦ision Build Log</h1>
<h2>Tool Versions:</h2>
IDE-Version: μVision V5.31.0.0
Copyright (C) 2020 ARM Ltd and ARM Germany GmbH. All rights reserved.
License Information: Joe Joe, ALT, LIC=VGXHL-0MPXM-30WNC-7JS8P-5MI34-SI9SG
 
Tool Versions:
Toolchain:       MDK-ARM Plus  Version: 5.31.0.0
Toolchain Path:  C:\Keil_v5\ARM\ARMCC\Bin
C Compiler:      Armcc.exe V5.06 update 6 (build 750)
Assembler:       Armasm.exe V5.06 update 6 (build 750)
Linker/Locator:  ArmLink.exe V5.06 update 6 (build 750)
Library Manager: ArmAr.exe V5.06 update 6 (build 750)
Hex Converter:   FromElf.exe V5.06 update 6 (build 750)
CPU DLL:         SARMCM3.DLL V5.31.0.0
Dialog DLL:      DCM.DLL V1.17.3.0
Target DLL:      STLink\ST-LINKIII-KEIL_SWO.dll V3.0.7.0
Dialog DLL:      TCM.DLL V1.46.0.0
 
<h2>Project:</h2>
C:\Users\joe\Documents\Work\Project\GitHub\STM32-Bootloader\MDK-ARM\STM32103Bootloader.uvprojx
Project File Date:  07/12/2020

<h2>Output:</h2>
*** Using Compiler 'V5.06 update 6 (build 750)', folder: 'C:\Keil_v5\ARM\ARMCC\Bin'
Rebuild target 'STM32103Bootloader'
assembling startup_stm32f103xe.s...
compiling stm32f1xx_it.c...
compiling stm32f1xx_hal_msp.c...
compiling main.c...
compiling bootloader.c...
..\Src\bootloader.c(61): warning:  #223-D: function "memset" declared implicitly
      memset( gKeyHandlerlist , 0 , sizeof(gKeyHandlerlist) );
..\Src\bootloader.c(66): warning:  #223-D: function "inflash_reads" declared implicitly
      if( inflash_reads( _PATCH_MAGIC_ADDR , (uint8_t*)&updatahead,sizeof(updatahead) ) )
..\Src\bootloader.c(73): warning:  #223-D: function "inflash_reads" declared implicitly
      if( inflash_reads( _IMAGE_MAGIC_ADDR , (uint8_t*)&updatahead,sizeof(updatahead) ) )
..\Src\bootloader.c(123): warning:  #223-D: function "memset" declared implicitly
      memset( &updatahead , 0 , sizeof(UpdataHeader) );
..\Src\bootloader.c(124): warning:  #223-D: function "memcpy" declared implicitly
      memcpy( updatahead.file_magic, _MAGIC_STR , _MAGIC_SIZE );
..\Src\bootloader.c(127): warning:  #223-D: function "inflash_writes" declared implicitly
      return inflash_writes( addr , 0 , &updatahead , sizeof(updatahead) );
..\Src\bootloader.c(132): warning:  #223-D: function "inflash_erases" declared implicitly
      return inflash_erases( addr , _MAGIC_SIZE );
..\Src\bootloader.c(143): warning:  #223-D: function "dwn_image_inflash" declared implicitly
      dwn_image_inflash();
..\Src\bootloader.c(152): warning:  #223-D: function "inflash_reads" declared implicitly
      inflash_reads( _IMAGE_MAGIC_ADDR , &updatahead,sizeof(updatahead));
..\Src\bootloader.c(159): warning:  #223-D: function "up_image_inflash" declared implicitly
          up_image_inflash();
..\Src\bootloader.c(170): warning:  #223-D: function "dwn_patch_inflash" declared implicitly
      dwn_patch_inflash();
..\Src\bootloader.c(190): warning:  #223-D: function "bspatch" declared implicitly
      new_size = bspatch( _APP_ADDR ,_IMAGE_ADDR ,_PATCH_ADDR ) ;
..\Src\bootloader.c(251): warning:  #223-D: function "inflash_reads" declared implicitly
      inflash_reads( addr + offset , out, size);
..\Src\bootloader.c(258): warning:  #223-D: function "inflash_writes" declared implicitly
      return inflash_writes( addr + offset , in , size );
..\Src\bootloader.c: 14 warnings, 0 errors
compiling bspatch.c...
..\Src\bspatch.c(64): warning:  #223-D: function "memset" declared implicitly
  		memset( out + len , in[pos++] , rle );
..\Src\bspatch.c(194): warning:  #223-D: function "read_flash" declared implicitly
          if( 0 != read_flash( diff_addr, read_len , gCompress_Block , tmp ) ) // 从0开始 
..\Src\bspatch.c(208): warning:  #223-D: function "memset" declared implicitly
  				memset( pout + outlen , gCompress_Block[i+1] , read_offset - offset );	// 最多255,所以不存在超的可能
..\Src\bspatch.c(233): warning:  #223-D: function "read_flash" declared implicitly
  					if( 0 != read_flash( diff_addr, read_len , gCompress_Block , tmp ) ) 
..\Src\bspatch.c(300): warning:  #223-D: function "read_flash" declared implicitly
              if( 0 != read_flash( old_addr , old_addr_offset + read_old_len , 
..\Src\bspatch.c(333): warning:  #223-D: function "write_flash" declared implicitly
          if( 0 != write_flash( new_addr , new_addr_offset + read_len ,
..\Src\bspatch.c(413): warning:  #223-D: function "read_flash" declared implicitly
          read_flash( ex_file_addr, read_len + ex_offset_addr, gNew_Block, tmp ) ;
..\Src\bspatch.c(415): warning:  #223-D: function "write_flash" declared implicitly
          write_flash( new_file_addr, read_len + new_offset_addr , gNew_Block, tmp );
..\Src\bspatch.c(449): warning:  #223-D: function "read_flash" declared implicitly
      if( 0 != read_flash( patch_file_addr , 0 , header , sizeof( header ) ) )
..\Src\bspatch.c(455): warning:  #223-D: function "memcmp" declared implicitly
  	if (memcmp(header, "BSDIFF40", 8) != 0)
..\Src\bspatch.c(470): warning:  #223-D: function "memcmp" declared implicitly
          if( 0 != memcmp(  md5 , header + 24 + 16 , 16 ) )
..\Src\bspatch.c(487): warning:  #223-D: function "read_flash" declared implicitly
          if( 0 != read_flash( patch_file_addr + sizeof(header)  , gCtrl_Read_Totle_len ,
..\Src\bspatch.c(547): warning:  #223-D: function "memcmp" declared implicitly
          if( 0 != memcmp( new_md5 , header + 24 , 16 ) )
..\Src\bspatch.c(581): warning:  #223-D: function "read_flash" declared implicitly
          if( 0 != read_flash( saddr, read_len, gOld_Block, tmp ) )
..\Src\bspatch.c(586): warning:  #223-D: function "read_flash" declared implicitly
          if( 0 != read_flash( daddr, read_len, gNew_Block, tmp ) )
..\Src\bspatch.c(614): warning:  #223-D: function "read_flash" declared implicitly
          if( 0 != read_flash( addr , totle_len , buff , rlen ) ) return 1 ;
..\Src\bspatch.c(56): warning:  #177-D: function "RLEUnCompress"  was declared but never referenced
  static UINT32 RLEUnCompress( u_char *in , UINT32 inlen , u_char *out , UINT32 outsize )
..\Src\bspatch.c(88): warning:  #177-D: variable "gDecompress_Blcok"  was declared but never referenced
  static uint8_t   gDecompress_Blcok[_DATA_BLOCL_SIZE] = {0x00};
..\Src\bspatch.c: 18 warnings, 0 errors
compiling inflash.c...
..\Src\inflash.c(40): warning:  #111-D: statement is unreachable
          break;
..\Src\inflash.c(45): warning:  #111-D: statement is unreachable
          break ;
..\Src\inflash.c(50): warning:  #111-D: statement is unreachable
          break ;
..\Src\inflash.c(106): warning:  #111-D: statement is unreachable
          break;
..\Src\inflash.c(111): warning:  #111-D: statement is unreachable
          break ;
..\Src\inflash.c(116): warning:  #111-D: statement is unreachable
          break ;
..\Src\inflash.c(207): warning:  #223-D: function "memcpy" declared implicitly
      memcpy( pOutBuff , (uint8_t*)Addr , len ) ;
..\Src\inflash.c(209): warning:  #1-D: last line of file ends without a newline
  }
..\Src\inflash.c: 8 warnings, 0 errors
compiling usrTimer.c...
..\Src\usrTimer.c(18): warning:  #188-D: enumerated type mixed with another type
  static TIMERCB timecb[SYS_TIMER_MAX] = {0x00};
..\Src\usrTimer.c(26): warning:  #223-D: function "memset" declared implicitly
      memset( (void*)timecb , 0 , sizeof(timecb) );
..\Src\usrTimer.c(86): warning:  #1293-D: assignment in condition
  				if(cb = timecb[i].mTimeCB) cb();
..\Src\usrTimer.c: 3 warnings, 0 errors
compiling md5.c...
compiling ymodem.c...
..\Src\ymodem.c(112): warning:  #223-D: function "memset" declared implicitly
              _YMODEM_TIMEOUT ;
..\Src\ymodem.c(117): warning:  #223-D: function "memset" declared implicitly
          _YMODEM_TIMEOUT ;
..\Src\ymodem.c(124): warning:  #223-D: function "memset" declared implicitly
      _YMODEM_TIMEOUT ;
..\Src\ymodem.c(140): warning:  #1293-D: assignment in condition
      while( len = ymodeRx_Dcode( gymodedcodebuff , sizeof(gymodedcodebuff) ) )
..\Src\ymodem.c(197): warning:  #223-D: function "memset" declared implicitly
          _CAN_YMODEM ;
..\Src\ymodem.c(249): warning:  #223-D: function "memset" declared implicitly
      memset( &gYmodemMSG , 0 , sizeof(gYmodemMSG) );
..\Src\ymodem.c(313): warning:  #223-D: function "memset" declared implicitly
      memset( &gYmodemMSG , 0 , sizeof(gYmodemMSG) );
..\Src\ymodem.c(316): warning:  #223-D: function "memcpy" declared implicitly
      memcpy( gYmodemMSG.MsgData.FileData.mpBuff , pinbuff , len > 1024 ? 1024 : len );
..\Src\ymodem.c(347): warning:  #223-D: function "memset" declared implicitly
      memset( &gYmodemMSG , 0 , sizeof(gYmodemMSG) );
..\Src\ymodem.c(367): warning:  #177-D: variable "result"  was declared but never referenced
      uint8_t result = 0 ;
..\Src\ymodem.c(462): warning:  #111-D: statement is unreachable
                  break ;
..\Src\ymodem.c: 11 warnings, 0 errors
compiling stm32f1xx_hal_gpio_ex.c...
compiling stm32f1xx_hal_tim.c...
compiling usrUsart.c...
compiling stm32f1xx_hal_tim_ex.c...
compiling stm32f1xx_ll_usart.c...
compiling stm32f1xx_ll_gpio.c...
compiling stm32f1xx_ll_dma.c...
compiling stm32f1xx_hal.c...
compiling stm32f1xx_hal_rcc_ex.c...
compiling stm32f1xx_hal_gpio.c...
compiling stm32f1xx_hal_rcc.c...
compiling stm32f1xx_hal_cortex.c...
compiling stm32f1xx_hal_pwr.c...
compiling stm32f1xx_hal_dma.c...
compiling stm32f1xx_hal_exti.c...
compiling stm32f1xx_hal_flash_ex.c...
compiling stm32f1xx_hal_flash.c...
compiling stm32f1xx_ll_exti.c...
compiling stm32f1xx_ll_rcc.c...
compiling stm32f1xx_ll_utils.c...
compiling system_stm32f1xx.c...
linking...
Program Size: Code=15740 RO-data=956 RW-data=40 ZI-data=42440  
FromELF: creating hex file...
"STM32103Bootloader\STM32103Bootloader.axf" - 0 Error(s), 54 Warning(s).

<h2>Software Packages used:</h2>

Package Vendor: ARM
                http://www.keil.com/pack/ARM.CMSIS.5.7.0.pack
                ARM.CMSIS.5.7.0
                CMSIS (Cortex Microcontroller Software Interface Standard)
   * Component: CORE Version: 5.4.0

Package Vendor: Keil
                http://www.keil.com/pack/Keil.STM32F1xx_DFP.2.2.0.pack
                Keil.STM32F1xx_DFP.2.2.0
                STMicroelectronics STM32F1 Series Device Support, Drivers and Examples

<h2>Collection of Component include folders:</h2>
  .\RTE\_STM32103Bootloader
  C:\Keil_v5\ARM\PACK\ARM\CMSIS\5.7.0\CMSIS\Core\Include
  C:\Keil_v5\ARM\PACK\Keil\STM32F1xx_DFP\2.2.0\Device\Include

<h2>Collection of Component Files used:</h2>

   * Component: ARM::CMSIS:CORE:5.4.0
Build Time Elapsed:  00:00:24
</pre>
</body>
</html>
